 
****************************************
check_design summary:
Version:     R-2020.09-SP4
Date:        Wed Apr 12 23:34:02 2023
****************************************

                   Name                                            Total
--------------------------------------------------------------------------------
Cells                                                             243
    Hier pins without driver and load (LINT-60)                   243
--------------------------------------------------------------------------------

Warning: In design 'mp4', input pin 'mem_address[1]' of hierarchical cell 'Dcache' has no internal loads and is not connected to any nets. (LINT-60)
Warning: In design 'mp4', input pin 'mem_address[0]' of hierarchical cell 'Dcache' has no internal loads and is not connected to any nets. (LINT-60)
Warning: In design 'mp4', input pin 'data_addr[1]' of hierarchical cell 'arbiter' has no internal loads and is not connected to any nets. (LINT-60)
Warning: In design 'mp4', input pin 'data_addr[0]' of hierarchical cell 'arbiter' has no internal loads and is not connected to any nets. (LINT-60)
Warning: In design 'datapath', input pin 'u_imm[11]' of hierarchical cell 'MEM_WR' has no internal loads and is not connected to any nets. (LINT-60)
Warning: In design 'datapath', input pin 'u_imm[10]' of hierarchical cell 'MEM_WR' has no internal loads and is not connected to any nets. (LINT-60)
Warning: In design 'datapath', input pin 'u_imm[9]' of hierarchical cell 'MEM_WR' has no internal loads and is not connected to any nets. (LINT-60)
Warning: In design 'datapath', input pin 'u_imm[8]' of hierarchical cell 'MEM_WR' has no internal loads and is not connected to any nets. (LINT-60)
Warning: In design 'datapath', input pin 'u_imm[7]' of hierarchical cell 'MEM_WR' has no internal loads and is not connected to any nets. (LINT-60)
Warning: In design 'datapath', input pin 'u_imm[6]' of hierarchical cell 'MEM_WR' has no internal loads and is not connected to any nets. (LINT-60)
Warning: In design 'datapath', input pin 'u_imm[5]' of hierarchical cell 'MEM_WR' has no internal loads and is not connected to any nets. (LINT-60)
Warning: In design 'datapath', input pin 'u_imm[4]' of hierarchical cell 'MEM_WR' has no internal loads and is not connected to any nets. (LINT-60)
Warning: In design 'datapath', input pin 'u_imm[3]' of hierarchical cell 'MEM_WR' has no internal loads and is not connected to any nets. (LINT-60)
Warning: In design 'datapath', input pin 'u_imm[2]' of hierarchical cell 'MEM_WR' has no internal loads and is not connected to any nets. (LINT-60)
Warning: In design 'datapath', input pin 'u_imm[1]' of hierarchical cell 'MEM_WR' has no internal loads and is not connected to any nets. (LINT-60)
Warning: In design 'datapath', input pin 'u_imm[0]' of hierarchical cell 'MEM_WR' has no internal loads and is not connected to any nets. (LINT-60)
Warning: In design 'cache_1', input pin 'dirty_out' of hierarchical cell 'control' has no internal loads and is not connected to any nets. (LINT-60)
Warning: In design 'cache_0', input pin 'mem_address[1]' of hierarchical cell 'datapath' has no internal loads and is not connected to any nets. (LINT-60)
Warning: In design 'cache_0', input pin 'mem_address[0]' of hierarchical cell 'datapath' has no internal loads and is not connected to any nets. (LINT-60)
Warning: In design 'cache_0', input pin 'mem_wdata[255]' of hierarchical cell 'datapath' has no internal loads and is not connected to any nets. (LINT-60)
Warning: In design 'cache_0', input pin 'mem_wdata[254]' of hierarchical cell 'datapath' has no internal loads and is not connected to any nets. (LINT-60)
Warning: In design 'cache_0', input pin 'mem_wdata[253]' of hierarchical cell 'datapath' has no internal loads and is not connected to any nets. (LINT-60)
Warning: In design 'cache_0', input pin 'mem_wdata[252]' of hierarchical cell 'datapath' has no internal loads and is not connected to any nets. (LINT-60)
Warning: In design 'cache_0', input pin 'mem_wdata[251]' of hierarchical cell 'datapath' has no internal loads and is not connected to any nets. (LINT-60)
Warning: In design 'cache_0', input pin 'mem_wdata[250]' of hierarchical cell 'datapath' has no internal loads and is not connected to any nets. (LINT-60)
Warning: In design 'cache_0', input pin 'mem_wdata[249]' of hierarchical cell 'datapath' has no internal loads and is not connected to any nets. (LINT-60)
Warning: In design 'cache_0', input pin 'mem_wdata[248]' of hierarchical cell 'datapath' has no internal loads and is not connected to any nets. (LINT-60)
Warning: In design 'cache_0', input pin 'mem_wdata[247]' of hierarchical cell 'datapath' has no internal loads and is not connected to any nets. (LINT-60)
Warning: In design 'cache_0', input pin 'mem_wdata[246]' of hierarchical cell 'datapath' has no internal loads and is not connected to any nets. (LINT-60)
Warning: In design 'cache_0', input pin 'mem_wdata[245]' of hierarchical cell 'datapath' has no internal loads and is not connected to any nets. (LINT-60)
Warning: In design 'cache_0', input pin 'mem_wdata[244]' of hierarchical cell 'datapath' has no internal loads and is not connected to any nets. (LINT-60)
Warning: In design 'cache_0', input pin 'mem_wdata[243]' of hierarchical cell 'datapath' has no internal loads and is not connected to any nets. (LINT-60)
Warning: In design 'cache_0', input pin 'mem_wdata[242]' of hierarchical cell 'datapath' has no internal loads and is not connected to any nets. (LINT-60)
Warning: In design 'cache_0', input pin 'mem_wdata[241]' of hierarchical cell 'datapath' has no internal loads and is not connected to any nets. (LINT-60)
Warning: In design 'cache_0', input pin 'mem_wdata[240]' of hierarchical cell 'datapath' has no internal loads and is not connected to any nets. (LINT-60)
Warning: In design 'cache_0', input pin 'mem_wdata[239]' of hierarchical cell 'datapath' has no internal loads and is not connected to any nets. (LINT-60)
Warning: In design 'cache_0', input pin 'mem_wdata[238]' of hierarchical cell 'datapath' has no internal loads and is not connected to any nets. (LINT-60)
Warning: In design 'cache_0', input pin 'mem_wdata[237]' of hierarchical cell 'datapath' has no internal loads and is not connected to any nets. (LINT-60)
Warning: In design 'cache_0', input pin 'mem_wdata[236]' of hierarchical cell 'datapath' has no internal loads and is not connected to any nets. (LINT-60)
Warning: In design 'cache_0', input pin 'mem_wdata[235]' of hierarchical cell 'datapath' has no internal loads and is not connected to any nets. (LINT-60)
Warning: In design 'cache_0', input pin 'mem_wdata[234]' of hierarchical cell 'datapath' has no internal loads and is not connected to any nets. (LINT-60)
Warning: In design 'cache_0', input pin 'mem_wdata[233]' of hierarchical cell 'datapath' has no internal loads and is not connected to any nets. (LINT-60)
Warning: In design 'cache_0', input pin 'mem_wdata[232]' of hierarchical cell 'datapath' has no internal loads and is not connected to any nets. (LINT-60)
Warning: In design 'cache_0', input pin 'mem_wdata[231]' of hierarchical cell 'datapath' has no internal loads and is not connected to any nets. (LINT-60)
Warning: In design 'cache_0', input pin 'mem_wdata[230]' of hierarchical cell 'datapath' has no internal loads and is not connected to any nets. (LINT-60)
Warning: In design 'cache_0', input pin 'mem_wdata[229]' of hierarchical cell 'datapath' has no internal loads and is not connected to any nets. (LINT-60)
Warning: In design 'cache_0', input pin 'mem_wdata[228]' of hierarchical cell 'datapath' has no internal loads and is not connected to any nets. (LINT-60)
Warning: In design 'cache_0', input pin 'mem_wdata[227]' of hierarchical cell 'datapath' has no internal loads and is not connected to any nets. (LINT-60)
Warning: In design 'cache_0', input pin 'mem_wdata[226]' of hierarchical cell 'datapath' has no internal loads and is not connected to any nets. (LINT-60)
Warning: In design 'cache_0', input pin 'mem_wdata[225]' of hierarchical cell 'datapath' has no internal loads and is not connected to any nets. (LINT-60)
Warning: In design 'cache_0', input pin 'mem_wdata[224]' of hierarchical cell 'datapath' has no internal loads and is not connected to any nets. (LINT-60)
Warning: In design 'cache_0', input pin 'mem_wdata[223]' of hierarchical cell 'datapath' has no internal loads and is not connected to any nets. (LINT-60)
Warning: In design 'cache_0', input pin 'mem_wdata[222]' of hierarchical cell 'datapath' has no internal loads and is not connected to any nets. (LINT-60)
Warning: In design 'cache_0', input pin 'mem_wdata[221]' of hierarchical cell 'datapath' has no internal loads and is not connected to any nets. (LINT-60)
Warning: In design 'cache_0', input pin 'mem_wdata[220]' of hierarchical cell 'datapath' has no internal loads and is not connected to any nets. (LINT-60)
Warning: In design 'cache_0', input pin 'mem_wdata[219]' of hierarchical cell 'datapath' has no internal loads and is not connected to any nets. (LINT-60)
Warning: In design 'cache_0', input pin 'mem_wdata[218]' of hierarchical cell 'datapath' has no internal loads and is not connected to any nets. (LINT-60)
Warning: In design 'cache_0', input pin 'mem_wdata[217]' of hierarchical cell 'datapath' has no internal loads and is not connected to any nets. (LINT-60)
Warning: In design 'cache_0', input pin 'mem_wdata[216]' of hierarchical cell 'datapath' has no internal loads and is not connected to any nets. (LINT-60)
Warning: In design 'cache_0', input pin 'mem_wdata[215]' of hierarchical cell 'datapath' has no internal loads and is not connected to any nets. (LINT-60)
Warning: In design 'cache_0', input pin 'mem_wdata[214]' of hierarchical cell 'datapath' has no internal loads and is not connected to any nets. (LINT-60)
Warning: In design 'cache_0', input pin 'mem_wdata[213]' of hierarchical cell 'datapath' has no internal loads and is not connected to any nets. (LINT-60)
Warning: In design 'cache_0', input pin 'mem_wdata[212]' of hierarchical cell 'datapath' has no internal loads and is not connected to any nets. (LINT-60)
Warning: In design 'cache_0', input pin 'mem_wdata[211]' of hierarchical cell 'datapath' has no internal loads and is not connected to any nets. (LINT-60)
Warning: In design 'cache_0', input pin 'mem_wdata[210]' of hierarchical cell 'datapath' has no internal loads and is not connected to any nets. (LINT-60)
Warning: In design 'cache_0', input pin 'mem_wdata[209]' of hierarchical cell 'datapath' has no internal loads and is not connected to any nets. (LINT-60)
Warning: In design 'cache_0', input pin 'mem_wdata[208]' of hierarchical cell 'datapath' has no internal loads and is not connected to any nets. (LINT-60)
Warning: In design 'cache_0', input pin 'mem_wdata[207]' of hierarchical cell 'datapath' has no internal loads and is not connected to any nets. (LINT-60)
Warning: In design 'cache_0', input pin 'mem_wdata[206]' of hierarchical cell 'datapath' has no internal loads and is not connected to any nets. (LINT-60)
Warning: In design 'cache_0', input pin 'mem_wdata[205]' of hierarchical cell 'datapath' has no internal loads and is not connected to any nets. (LINT-60)
Warning: In design 'cache_0', input pin 'mem_wdata[204]' of hierarchical cell 'datapath' has no internal loads and is not connected to any nets. (LINT-60)
Warning: In design 'cache_0', input pin 'mem_wdata[203]' of hierarchical cell 'datapath' has no internal loads and is not connected to any nets. (LINT-60)
Warning: In design 'cache_0', input pin 'mem_wdata[202]' of hierarchical cell 'datapath' has no internal loads and is not connected to any nets. (LINT-60)
Warning: In design 'cache_0', input pin 'mem_wdata[201]' of hierarchical cell 'datapath' has no internal loads and is not connected to any nets. (LINT-60)
Warning: In design 'cache_0', input pin 'mem_wdata[200]' of hierarchical cell 'datapath' has no internal loads and is not connected to any nets. (LINT-60)
Warning: In design 'cache_0', input pin 'mem_wdata[199]' of hierarchical cell 'datapath' has no internal loads and is not connected to any nets. (LINT-60)
Warning: In design 'cache_0', input pin 'mem_wdata[198]' of hierarchical cell 'datapath' has no internal loads and is not connected to any nets. (LINT-60)
Warning: In design 'cache_0', input pin 'mem_wdata[197]' of hierarchical cell 'datapath' has no internal loads and is not connected to any nets. (LINT-60)
Warning: In design 'cache_0', input pin 'mem_wdata[196]' of hierarchical cell 'datapath' has no internal loads and is not connected to any nets. (LINT-60)
Warning: In design 'cache_0', input pin 'mem_wdata[195]' of hierarchical cell 'datapath' has no internal loads and is not connected to any nets. (LINT-60)
Warning: In design 'cache_0', input pin 'mem_wdata[194]' of hierarchical cell 'datapath' has no internal loads and is not connected to any nets. (LINT-60)
Warning: In design 'cache_0', input pin 'mem_wdata[193]' of hierarchical cell 'datapath' has no internal loads and is not connected to any nets. (LINT-60)
Warning: In design 'cache_0', input pin 'mem_wdata[192]' of hierarchical cell 'datapath' has no internal loads and is not connected to any nets. (LINT-60)
Warning: In design 'cache_0', input pin 'mem_wdata[191]' of hierarchical cell 'datapath' has no internal loads and is not connected to any nets. (LINT-60)
Warning: In design 'cache_0', input pin 'mem_wdata[190]' of hierarchical cell 'datapath' has no internal loads and is not connected to any nets. (LINT-60)
Warning: In design 'cache_0', input pin 'mem_wdata[189]' of hierarchical cell 'datapath' has no internal loads and is not connected to any nets. (LINT-60)
Warning: In design 'cache_0', input pin 'mem_wdata[188]' of hierarchical cell 'datapath' has no internal loads and is not connected to any nets. (LINT-60)
Warning: In design 'cache_0', input pin 'mem_wdata[187]' of hierarchical cell 'datapath' has no internal loads and is not connected to any nets. (LINT-60)
Warning: In design 'cache_0', input pin 'mem_wdata[186]' of hierarchical cell 'datapath' has no internal loads and is not connected to any nets. (LINT-60)
Warning: In design 'cache_0', input pin 'mem_wdata[185]' of hierarchical cell 'datapath' has no internal loads and is not connected to any nets. (LINT-60)
Warning: In design 'cache_0', input pin 'mem_wdata[184]' of hierarchical cell 'datapath' has no internal loads and is not connected to any nets. (LINT-60)
Warning: In design 'cache_0', input pin 'mem_wdata[183]' of hierarchical cell 'datapath' has no internal loads and is not connected to any nets. (LINT-60)
Warning: In design 'cache_0', input pin 'mem_wdata[182]' of hierarchical cell 'datapath' has no internal loads and is not connected to any nets. (LINT-60)
Warning: In design 'cache_0', input pin 'mem_wdata[181]' of hierarchical cell 'datapath' has no internal loads and is not connected to any nets. (LINT-60)
Warning: In design 'cache_0', input pin 'mem_wdata[180]' of hierarchical cell 'datapath' has no internal loads and is not connected to any nets. (LINT-60)
Warning: In design 'cache_0', input pin 'mem_wdata[179]' of hierarchical cell 'datapath' has no internal loads and is not connected to any nets. (LINT-60)
Warning: In design 'cache_0', input pin 'mem_wdata[178]' of hierarchical cell 'datapath' has no internal loads and is not connected to any nets. (LINT-60)
Warning: In design 'cache_0', input pin 'mem_wdata[177]' of hierarchical cell 'datapath' has no internal loads and is not connected to any nets. (LINT-60)
Warning: In design 'cache_0', input pin 'mem_wdata[176]' of hierarchical cell 'datapath' has no internal loads and is not connected to any nets. (LINT-60)
Warning: In design 'cache_0', input pin 'mem_wdata[175]' of hierarchical cell 'datapath' has no internal loads and is not connected to any nets. (LINT-60)
Warning: In design 'cache_0', input pin 'mem_wdata[174]' of hierarchical cell 'datapath' has no internal loads and is not connected to any nets. (LINT-60)
Warning: In design 'cache_0', input pin 'mem_wdata[173]' of hierarchical cell 'datapath' has no internal loads and is not connected to any nets. (LINT-60)
Warning: In design 'cache_0', input pin 'mem_wdata[172]' of hierarchical cell 'datapath' has no internal loads and is not connected to any nets. (LINT-60)
Warning: In design 'cache_0', input pin 'mem_wdata[171]' of hierarchical cell 'datapath' has no internal loads and is not connected to any nets. (LINT-60)
Warning: In design 'cache_0', input pin 'mem_wdata[170]' of hierarchical cell 'datapath' has no internal loads and is not connected to any nets. (LINT-60)
Warning: In design 'cache_0', input pin 'mem_wdata[169]' of hierarchical cell 'datapath' has no internal loads and is not connected to any nets. (LINT-60)
Warning: In design 'cache_0', input pin 'mem_wdata[168]' of hierarchical cell 'datapath' has no internal loads and is not connected to any nets. (LINT-60)
Warning: In design 'cache_0', input pin 'mem_wdata[167]' of hierarchical cell 'datapath' has no internal loads and is not connected to any nets. (LINT-60)
Warning: In design 'cache_0', input pin 'mem_wdata[166]' of hierarchical cell 'datapath' has no internal loads and is not connected to any nets. (LINT-60)
Warning: In design 'cache_0', input pin 'mem_wdata[165]' of hierarchical cell 'datapath' has no internal loads and is not connected to any nets. (LINT-60)
Warning: In design 'cache_0', input pin 'mem_wdata[164]' of hierarchical cell 'datapath' has no internal loads and is not connected to any nets. (LINT-60)
Warning: In design 'cache_0', input pin 'mem_wdata[163]' of hierarchical cell 'datapath' has no internal loads and is not connected to any nets. (LINT-60)
Warning: In design 'cache_0', input pin 'mem_wdata[162]' of hierarchical cell 'datapath' has no internal loads and is not connected to any nets. (LINT-60)
Warning: In design 'cache_0', input pin 'mem_wdata[161]' of hierarchical cell 'datapath' has no internal loads and is not connected to any nets. (LINT-60)
Warning: In design 'cache_0', input pin 'mem_wdata[160]' of hierarchical cell 'datapath' has no internal loads and is not connected to any nets. (LINT-60)
Warning: In design 'cache_0', input pin 'mem_wdata[159]' of hierarchical cell 'datapath' has no internal loads and is not connected to any nets. (LINT-60)
Warning: In design 'cache_0', input pin 'mem_wdata[158]' of hierarchical cell 'datapath' has no internal loads and is not connected to any nets. (LINT-60)
Warning: In design 'cache_0', input pin 'mem_wdata[157]' of hierarchical cell 'datapath' has no internal loads and is not connected to any nets. (LINT-60)
Warning: In design 'cache_0', input pin 'mem_wdata[156]' of hierarchical cell 'datapath' has no internal loads and is not connected to any nets. (LINT-60)
Warning: In design 'cache_0', input pin 'mem_wdata[155]' of hierarchical cell 'datapath' has no internal loads and is not connected to any nets. (LINT-60)
Warning: In design 'cache_0', input pin 'mem_wdata[154]' of hierarchical cell 'datapath' has no internal loads and is not connected to any nets. (LINT-60)
Warning: In design 'cache_0', input pin 'mem_wdata[153]' of hierarchical cell 'datapath' has no internal loads and is not connected to any nets. (LINT-60)
Warning: In design 'cache_0', input pin 'mem_wdata[152]' of hierarchical cell 'datapath' has no internal loads and is not connected to any nets. (LINT-60)
Warning: In design 'cache_0', input pin 'mem_wdata[151]' of hierarchical cell 'datapath' has no internal loads and is not connected to any nets. (LINT-60)
Warning: In design 'cache_0', input pin 'mem_wdata[150]' of hierarchical cell 'datapath' has no internal loads and is not connected to any nets. (LINT-60)
Warning: In design 'cache_0', input pin 'mem_wdata[149]' of hierarchical cell 'datapath' has no internal loads and is not connected to any nets. (LINT-60)
Warning: In design 'cache_0', input pin 'mem_wdata[148]' of hierarchical cell 'datapath' has no internal loads and is not connected to any nets. (LINT-60)
Warning: In design 'cache_0', input pin 'mem_wdata[147]' of hierarchical cell 'datapath' has no internal loads and is not connected to any nets. (LINT-60)
Warning: In design 'cache_0', input pin 'mem_wdata[146]' of hierarchical cell 'datapath' has no internal loads and is not connected to any nets. (LINT-60)
Warning: In design 'cache_0', input pin 'mem_wdata[145]' of hierarchical cell 'datapath' has no internal loads and is not connected to any nets. (LINT-60)
Warning: In design 'cache_0', input pin 'mem_wdata[144]' of hierarchical cell 'datapath' has no internal loads and is not connected to any nets. (LINT-60)
Warning: In design 'cache_0', input pin 'mem_wdata[143]' of hierarchical cell 'datapath' has no internal loads and is not connected to any nets. (LINT-60)
Warning: In design 'cache_0', input pin 'mem_wdata[142]' of hierarchical cell 'datapath' has no internal loads and is not connected to any nets. (LINT-60)
Warning: In design 'cache_0', input pin 'mem_wdata[141]' of hierarchical cell 'datapath' has no internal loads and is not connected to any nets. (LINT-60)
Warning: In design 'cache_0', input pin 'mem_wdata[140]' of hierarchical cell 'datapath' has no internal loads and is not connected to any nets. (LINT-60)
Warning: In design 'cache_0', input pin 'mem_wdata[139]' of hierarchical cell 'datapath' has no internal loads and is not connected to any nets. (LINT-60)
Warning: In design 'cache_0', input pin 'mem_wdata[138]' of hierarchical cell 'datapath' has no internal loads and is not connected to any nets. (LINT-60)
Warning: In design 'cache_0', input pin 'mem_wdata[137]' of hierarchical cell 'datapath' has no internal loads and is not connected to any nets. (LINT-60)
Warning: In design 'cache_0', input pin 'mem_wdata[136]' of hierarchical cell 'datapath' has no internal loads and is not connected to any nets. (LINT-60)
Warning: In design 'cache_0', input pin 'mem_wdata[135]' of hierarchical cell 'datapath' has no internal loads and is not connected to any nets. (LINT-60)
Warning: In design 'cache_0', input pin 'mem_wdata[134]' of hierarchical cell 'datapath' has no internal loads and is not connected to any nets. (LINT-60)
Warning: In design 'cache_0', input pin 'mem_wdata[133]' of hierarchical cell 'datapath' has no internal loads and is not connected to any nets. (LINT-60)
Warning: In design 'cache_0', input pin 'mem_wdata[132]' of hierarchical cell 'datapath' has no internal loads and is not connected to any nets. (LINT-60)
Warning: In design 'cache_0', input pin 'mem_wdata[131]' of hierarchical cell 'datapath' has no internal loads and is not connected to any nets. (LINT-60)
Warning: In design 'cache_0', input pin 'mem_wdata[130]' of hierarchical cell 'datapath' has no internal loads and is not connected to any nets. (LINT-60)
Warning: In design 'cache_0', input pin 'mem_wdata[129]' of hierarchical cell 'datapath' has no internal loads and is not connected to any nets. (LINT-60)
Warning: In design 'cache_0', input pin 'mem_wdata[128]' of hierarchical cell 'datapath' has no internal loads and is not connected to any nets. (LINT-60)
Warning: In design 'cache_0', input pin 'mem_wdata[127]' of hierarchical cell 'datapath' has no internal loads and is not connected to any nets. (LINT-60)
Warning: In design 'cache_0', input pin 'mem_wdata[126]' of hierarchical cell 'datapath' has no internal loads and is not connected to any nets. (LINT-60)
Warning: In design 'cache_0', input pin 'mem_wdata[125]' of hierarchical cell 'datapath' has no internal loads and is not connected to any nets. (LINT-60)
Warning: In design 'cache_0', input pin 'mem_wdata[124]' of hierarchical cell 'datapath' has no internal loads and is not connected to any nets. (LINT-60)
Warning: In design 'cache_0', input pin 'mem_wdata[123]' of hierarchical cell 'datapath' has no internal loads and is not connected to any nets. (LINT-60)
Warning: In design 'cache_0', input pin 'mem_wdata[122]' of hierarchical cell 'datapath' has no internal loads and is not connected to any nets. (LINT-60)
Warning: In design 'cache_0', input pin 'mem_wdata[121]' of hierarchical cell 'datapath' has no internal loads and is not connected to any nets. (LINT-60)
Warning: In design 'cache_0', input pin 'mem_wdata[120]' of hierarchical cell 'datapath' has no internal loads and is not connected to any nets. (LINT-60)
Warning: In design 'cache_0', input pin 'mem_wdata[119]' of hierarchical cell 'datapath' has no internal loads and is not connected to any nets. (LINT-60)
Warning: In design 'cache_0', input pin 'mem_wdata[118]' of hierarchical cell 'datapath' has no internal loads and is not connected to any nets. (LINT-60)
Warning: In design 'cache_0', input pin 'mem_wdata[117]' of hierarchical cell 'datapath' has no internal loads and is not connected to any nets. (LINT-60)
Warning: In design 'cache_0', input pin 'mem_wdata[116]' of hierarchical cell 'datapath' has no internal loads and is not connected to any nets. (LINT-60)
Warning: In design 'cache_0', input pin 'mem_wdata[115]' of hierarchical cell 'datapath' has no internal loads and is not connected to any nets. (LINT-60)
Warning: In design 'cache_0', input pin 'mem_wdata[114]' of hierarchical cell 'datapath' has no internal loads and is not connected to any nets. (LINT-60)
Warning: In design 'cache_0', input pin 'mem_wdata[113]' of hierarchical cell 'datapath' has no internal loads and is not connected to any nets. (LINT-60)
Warning: In design 'cache_0', input pin 'mem_wdata[112]' of hierarchical cell 'datapath' has no internal loads and is not connected to any nets. (LINT-60)
Warning: In design 'cache_0', input pin 'mem_wdata[111]' of hierarchical cell 'datapath' has no internal loads and is not connected to any nets. (LINT-60)
Warning: In design 'cache_0', input pin 'mem_wdata[110]' of hierarchical cell 'datapath' has no internal loads and is not connected to any nets. (LINT-60)
Warning: In design 'cache_0', input pin 'mem_wdata[109]' of hierarchical cell 'datapath' has no internal loads and is not connected to any nets. (LINT-60)
Warning: In design 'cache_0', input pin 'mem_wdata[108]' of hierarchical cell 'datapath' has no internal loads and is not connected to any nets. (LINT-60)
Warning: In design 'cache_0', input pin 'mem_wdata[107]' of hierarchical cell 'datapath' has no internal loads and is not connected to any nets. (LINT-60)
Warning: In design 'cache_0', input pin 'mem_wdata[106]' of hierarchical cell 'datapath' has no internal loads and is not connected to any nets. (LINT-60)
Warning: In design 'cache_0', input pin 'mem_wdata[105]' of hierarchical cell 'datapath' has no internal loads and is not connected to any nets. (LINT-60)
Warning: In design 'cache_0', input pin 'mem_wdata[104]' of hierarchical cell 'datapath' has no internal loads and is not connected to any nets. (LINT-60)
Warning: In design 'cache_0', input pin 'mem_wdata[103]' of hierarchical cell 'datapath' has no internal loads and is not connected to any nets. (LINT-60)
Warning: In design 'cache_0', input pin 'mem_wdata[102]' of hierarchical cell 'datapath' has no internal loads and is not connected to any nets. (LINT-60)
Warning: In design 'cache_0', input pin 'mem_wdata[101]' of hierarchical cell 'datapath' has no internal loads and is not connected to any nets. (LINT-60)
Warning: In design 'cache_0', input pin 'mem_wdata[100]' of hierarchical cell 'datapath' has no internal loads and is not connected to any nets. (LINT-60)
Warning: In design 'cache_0', input pin 'mem_wdata[99]' of hierarchical cell 'datapath' has no internal loads and is not connected to any nets. (LINT-60)
Warning: In design 'cache_0', input pin 'mem_wdata[98]' of hierarchical cell 'datapath' has no internal loads and is not connected to any nets. (LINT-60)
Warning: In design 'cache_0', input pin 'mem_wdata[97]' of hierarchical cell 'datapath' has no internal loads and is not connected to any nets. (LINT-60)
Warning: In design 'cache_0', input pin 'mem_wdata[96]' of hierarchical cell 'datapath' has no internal loads and is not connected to any nets. (LINT-60)
Warning: In design 'cache_0', input pin 'mem_wdata[95]' of hierarchical cell 'datapath' has no internal loads and is not connected to any nets. (LINT-60)
Warning: In design 'cache_0', input pin 'mem_wdata[94]' of hierarchical cell 'datapath' has no internal loads and is not connected to any nets. (LINT-60)
Warning: In design 'cache_0', input pin 'mem_wdata[93]' of hierarchical cell 'datapath' has no internal loads and is not connected to any nets. (LINT-60)
Warning: In design 'cache_0', input pin 'mem_wdata[92]' of hierarchical cell 'datapath' has no internal loads and is not connected to any nets. (LINT-60)
Warning: In design 'cache_0', input pin 'mem_wdata[91]' of hierarchical cell 'datapath' has no internal loads and is not connected to any nets. (LINT-60)
Warning: In design 'cache_0', input pin 'mem_wdata[90]' of hierarchical cell 'datapath' has no internal loads and is not connected to any nets. (LINT-60)
Warning: In design 'cache_0', input pin 'mem_wdata[89]' of hierarchical cell 'datapath' has no internal loads and is not connected to any nets. (LINT-60)
Warning: In design 'cache_0', input pin 'mem_wdata[88]' of hierarchical cell 'datapath' has no internal loads and is not connected to any nets. (LINT-60)
Warning: In design 'cache_0', input pin 'mem_wdata[87]' of hierarchical cell 'datapath' has no internal loads and is not connected to any nets. (LINT-60)
Warning: In design 'cache_0', input pin 'mem_wdata[86]' of hierarchical cell 'datapath' has no internal loads and is not connected to any nets. (LINT-60)
Warning: In design 'cache_0', input pin 'mem_wdata[85]' of hierarchical cell 'datapath' has no internal loads and is not connected to any nets. (LINT-60)
Warning: In design 'cache_0', input pin 'mem_wdata[84]' of hierarchical cell 'datapath' has no internal loads and is not connected to any nets. (LINT-60)
Warning: In design 'cache_0', input pin 'mem_wdata[83]' of hierarchical cell 'datapath' has no internal loads and is not connected to any nets. (LINT-60)
Warning: In design 'cache_0', input pin 'mem_wdata[82]' of hierarchical cell 'datapath' has no internal loads and is not connected to any nets. (LINT-60)
Warning: In design 'cache_0', input pin 'mem_wdata[81]' of hierarchical cell 'datapath' has no internal loads and is not connected to any nets. (LINT-60)
Warning: In design 'cache_0', input pin 'mem_wdata[80]' of hierarchical cell 'datapath' has no internal loads and is not connected to any nets. (LINT-60)
Warning: In design 'cache_0', input pin 'mem_wdata[79]' of hierarchical cell 'datapath' has no internal loads and is not connected to any nets. (LINT-60)
Warning: In design 'cache_0', input pin 'mem_wdata[78]' of hierarchical cell 'datapath' has no internal loads and is not connected to any nets. (LINT-60)
Warning: In design 'cache_0', input pin 'mem_wdata[77]' of hierarchical cell 'datapath' has no internal loads and is not connected to any nets. (LINT-60)
Warning: In design 'cache_0', input pin 'mem_wdata[76]' of hierarchical cell 'datapath' has no internal loads and is not connected to any nets. (LINT-60)
Warning: In design 'cache_0', input pin 'mem_wdata[75]' of hierarchical cell 'datapath' has no internal loads and is not connected to any nets. (LINT-60)
Warning: In design 'cache_0', input pin 'mem_wdata[74]' of hierarchical cell 'datapath' has no internal loads and is not connected to any nets. (LINT-60)
Warning: In design 'cache_0', input pin 'mem_wdata[73]' of hierarchical cell 'datapath' has no internal loads and is not connected to any nets. (LINT-60)
Warning: In design 'cache_0', input pin 'mem_wdata[72]' of hierarchical cell 'datapath' has no internal loads and is not connected to any nets. (LINT-60)
Warning: In design 'cache_0', input pin 'mem_wdata[71]' of hierarchical cell 'datapath' has no internal loads and is not connected to any nets. (LINT-60)
Warning: In design 'cache_0', input pin 'mem_wdata[70]' of hierarchical cell 'datapath' has no internal loads and is not connected to any nets. (LINT-60)
Warning: In design 'cache_0', input pin 'mem_wdata[69]' of hierarchical cell 'datapath' has no internal loads and is not connected to any nets. (LINT-60)
Warning: In design 'cache_0', input pin 'mem_wdata[68]' of hierarchical cell 'datapath' has no internal loads and is not connected to any nets. (LINT-60)
Warning: In design 'cache_0', input pin 'mem_wdata[67]' of hierarchical cell 'datapath' has no internal loads and is not connected to any nets. (LINT-60)
Warning: In design 'cache_0', input pin 'mem_wdata[66]' of hierarchical cell 'datapath' has no internal loads and is not connected to any nets. (LINT-60)
Warning: In design 'cache_0', input pin 'mem_wdata[65]' of hierarchical cell 'datapath' has no internal loads and is not connected to any nets. (LINT-60)
Warning: In design 'cache_0', input pin 'mem_wdata[64]' of hierarchical cell 'datapath' has no internal loads and is not connected to any nets. (LINT-60)
Warning: In design 'cache_0', input pin 'mem_wdata[63]' of hierarchical cell 'datapath' has no internal loads and is not connected to any nets. (LINT-60)
Warning: In design 'cache_0', input pin 'mem_wdata[62]' of hierarchical cell 'datapath' has no internal loads and is not connected to any nets. (LINT-60)
Warning: In design 'cache_0', input pin 'mem_wdata[61]' of hierarchical cell 'datapath' has no internal loads and is not connected to any nets. (LINT-60)
Warning: In design 'cache_0', input pin 'mem_wdata[60]' of hierarchical cell 'datapath' has no internal loads and is not connected to any nets. (LINT-60)
Warning: In design 'cache_0', input pin 'mem_wdata[59]' of hierarchical cell 'datapath' has no internal loads and is not connected to any nets. (LINT-60)
Warning: In design 'cache_0', input pin 'mem_wdata[58]' of hierarchical cell 'datapath' has no internal loads and is not connected to any nets. (LINT-60)
Warning: In design 'cache_0', input pin 'mem_wdata[57]' of hierarchical cell 'datapath' has no internal loads and is not connected to any nets. (LINT-60)
Warning: In design 'cache_0', input pin 'mem_wdata[56]' of hierarchical cell 'datapath' has no internal loads and is not connected to any nets. (LINT-60)
Warning: In design 'cache_0', input pin 'mem_wdata[55]' of hierarchical cell 'datapath' has no internal loads and is not connected to any nets. (LINT-60)
Warning: In design 'cache_0', input pin 'mem_wdata[54]' of hierarchical cell 'datapath' has no internal loads and is not connected to any nets. (LINT-60)
Warning: In design 'cache_0', input pin 'mem_wdata[53]' of hierarchical cell 'datapath' has no internal loads and is not connected to any nets. (LINT-60)
Warning: In design 'cache_0', input pin 'mem_wdata[52]' of hierarchical cell 'datapath' has no internal loads and is not connected to any nets. (LINT-60)
Warning: In design 'cache_0', input pin 'mem_wdata[51]' of hierarchical cell 'datapath' has no internal loads and is not connected to any nets. (LINT-60)
Warning: In design 'cache_0', input pin 'mem_wdata[50]' of hierarchical cell 'datapath' has no internal loads and is not connected to any nets. (LINT-60)
Warning: In design 'cache_0', input pin 'mem_wdata[49]' of hierarchical cell 'datapath' has no internal loads and is not connected to any nets. (LINT-60)
Warning: In design 'cache_0', input pin 'mem_wdata[48]' of hierarchical cell 'datapath' has no internal loads and is not connected to any nets. (LINT-60)
Warning: In design 'cache_0', input pin 'mem_wdata[47]' of hierarchical cell 'datapath' has no internal loads and is not connected to any nets. (LINT-60)
Warning: In design 'cache_0', input pin 'mem_wdata[46]' of hierarchical cell 'datapath' has no internal loads and is not connected to any nets. (LINT-60)
Warning: In design 'cache_0', input pin 'mem_wdata[45]' of hierarchical cell 'datapath' has no internal loads and is not connected to any nets. (LINT-60)
Warning: In design 'cache_0', input pin 'mem_wdata[44]' of hierarchical cell 'datapath' has no internal loads and is not connected to any nets. (LINT-60)
Warning: In design 'cache_0', input pin 'mem_wdata[43]' of hierarchical cell 'datapath' has no internal loads and is not connected to any nets. (LINT-60)
Warning: In design 'cache_0', input pin 'mem_wdata[42]' of hierarchical cell 'datapath' has no internal loads and is not connected to any nets. (LINT-60)
Warning: In design 'cache_0', input pin 'mem_wdata[41]' of hierarchical cell 'datapath' has no internal loads and is not connected to any nets. (LINT-60)
Warning: In design 'cache_0', input pin 'mem_wdata[40]' of hierarchical cell 'datapath' has no internal loads and is not connected to any nets. (LINT-60)
Warning: In design 'cache_0', input pin 'mem_wdata[39]' of hierarchical cell 'datapath' has no internal loads and is not connected to any nets. (LINT-60)
Warning: In design 'cache_0', input pin 'mem_wdata[38]' of hierarchical cell 'datapath' has no internal loads and is not connected to any nets. (LINT-60)
Warning: In design 'cache_0', input pin 'mem_wdata[37]' of hierarchical cell 'datapath' has no internal loads and is not connected to any nets. (LINT-60)
Warning: In design 'cache_0', input pin 'mem_wdata[36]' of hierarchical cell 'datapath' has no internal loads and is not connected to any nets. (LINT-60)
Warning: In design 'cache_0', input pin 'mem_wdata[35]' of hierarchical cell 'datapath' has no internal loads and is not connected to any nets. (LINT-60)
Warning: In design 'cache_0', input pin 'mem_wdata[34]' of hierarchical cell 'datapath' has no internal loads and is not connected to any nets. (LINT-60)
Warning: In design 'cache_0', input pin 'mem_wdata[33]' of hierarchical cell 'datapath' has no internal loads and is not connected to any nets. (LINT-60)
Warning: In design 'cache_0', input pin 'mem_wdata[32]' of hierarchical cell 'datapath' has no internal loads and is not connected to any nets. (LINT-60)
1
